PHPUnit Started (PHPUnit 11.5.56 using PHP 8.5.0 (cli) on WINNT)
Test Runner Configured
Bootstrap Finished (C:\Users\Francisco Luis\Downloads\IT_12\vendor/autoload.php)
Event Facade Sealed
Test Suite Loaded (7 tests)
Test Runner Started
Test Suite Sorted
Test Suite Filtered (1 test)
Test Runner Execution Started (1 test)
Test Suite Started (Tests\Feature\AdminDashboardTest, 1 test)
Test Preparation Started (Tests\Feature\AdminDashboardTest::test_inventory_page_removes_pill_filters_and_pos_quotation_use_dropdown_filters)
Before Test Method Called (Tests\Feature\AdminDashboardTest::setUp)
Before Test Method Finished:
- Tests\Feature\AdminDashboardTest::setUp
Test Prepared (Tests\Feature\AdminDashboardTest::test_inventory_page_removes_pill_filters_and_pos_quotation_use_dropdown_filters)
Test Failed (Tests\Feature\AdminDashboardTest::test_inventory_page_removes_pill_filters_and_pos_quotation_use_dropdown_filters)
Failed asserting that '<!DOCTYPE html>\n
<html lang="en">\n
    <head>\n
        <meta charset="utf-8">\n
        <meta name="viewport" content="width=device-width, initial-scale=1">\n
        <meta name="csrf-token" content="v67OCpPvALzOxbSXpokAhUITUJcvMkMRj86FKNDP">\n
\n
        <title>Davao Boss Computer</title>\n
\n
        <!-- Fonts -->\n
        <link rel="preconnect" href="https://fonts.bunny.net">\n
        <link href="https://fonts.bunny.net/css?family=figtree:400,500,600&display=swap" rel="stylesheet" />\n
\n
        <!-- Scripts -->\n
        <link rel="preload" as="style" href="http://localhost/build/assets/app-D1tw09Lb.css" /><link rel="modulepreload" as="script" href="http://localhost/build/assets/app-DIZEten-.js" /><link rel="stylesheet" href="http://localhost/build/assets/app-D1tw09Lb.css" /><script type="module" src="http://localhost/build/assets/app-DIZEten-.js"></script>    </head>\n
    <body class="font-sans antialiased">\n
        <div class="min-h-screen bg-gray-100">\n
            <nav x-data="{ open: false }" class="bg-white border-b border-gray-100">\n
    <!-- Primary Navigation Menu -->\n
    <div class="max-w-7xl mx-auto px-4 sm:px-6 lg:px-8">\n
        <div class="flex justify-between h-16">\n
            <div class="flex">\n
                <!-- Logo -->\n
                <div class="shrink-0 flex items-center">\n
                    <a href="http://localhost" title="Main Storefront">\n
                        <svg viewBox="0 0 316 316" xmlns="http://www.w3.org/2000/svg" class="block h-9 w-auto fill-current text-gray-800">\n
    <path d="M305.8 81.125C305.77 80.995 305.69 80.885 305.65 80.755C305.56 80.525 305.49 80.285 305.37 80.075C305.29 79.935 305.17 79.815 305.07 79.685C304.94 79.515 304.83 79.325 304.68 79.175C304.55 79.045 304.39 78.955 304.25 78.845C304.09 78.715 303.95 78.575 303.77 78.475L251.32 48.275C249.97 47.495 248.31 47.495 246.96 48.275L194.51 78.475C194.33 78.575 194.19 78.725 194.03 78.845C193.89 78.955 193.73 79.045 193.6 79.175C193.45 79.325 193.34 79.515 193.21 79.685C193.11 79.815 192.99 79.935 192.91 80.075C192.79 80.285 192.71 80.525 192.63 80.755C192.58 80.875 192.51 80.995 192.48 81.125C192.38 81.495 192.33 81.875 192.33 82.265V139.625L148.62 164.795V52.575C148.62 52.185 148.57 51.805 148.47 51.435C148.44 51.305 148.36 51.195 148.32 51.065C148.23 50.835 148.16 50.595 148.04 50.385C147.96 50.245 147.84 50.125 147.74 49.995C147.61 49.825 147.5 49.635 147.35 49.485C147.22 49.355 147.06 49.265 146.92 49.155C146.76 49.025 146.62 48.885 146.44 48.785L93.99 18.585C92.64 17.805 90.98 17.805 89.63 18.585L37.18 48.785C37 48.885 36.86 49.035 36.7 49.155C36.56 49.265 36.4 49.355 36.27 49.485C36.12 49.635 36.01 49.825 35.88 49.995C35.78 50.125 35.66 50.245 35.58 50.385C35.46 50.595 35.38 50.835 35.3 51.065C35.25 51.185 35.18 51.305 35.15 51.435C35.05 51.805 35 52.185 35 52.575V232.235C35 233.795 35.84 235.245 37.19 236.025L142.1 296.425C142.33 296.555 142.58 296.635 142.82 296.725C142.93 296.765 143.04 296.835 143.16 296.865C143.53 296.965 143.9 297.015 144.28 297.015C144.66 297.015 145.03 296.965 145.4 296.865C145.5 296.835 145.59 296.775 145.69 296.745C145.95 296.655 146.21 296.565 146.45 296.435L251.36 236.035C252.72 235.255 253.55 233.815 253.55 232.245V174.885L303.81 145.945C305.17 145.165 306 143.725 306 142.155V82.265C305.95 81.875 305.89 81.495 305.8 81.125ZM144.2 227.205L100.57 202.515L146.39 176.135L196.66 147.195L240.33 172.335L208.29 190.625L144.2 227.205ZM244.75 114.995V164.795L226.39 154.225L201.03 139.625V89.825L219.39 100.395L244.75 114.995ZM249.12 57.105L292.81 82.265L249.12 107.425L205.43 82.265L249.12 57.105ZM114.49 184.425L96.13 194.995V85.305L121.49 70.705L139.85 60.135V169.815L114.49 184.425ZM91.76 27.425L135.45 52.585L91.76 77.745L48.07 52.585L91.76 27.425ZM43.67 60.135L62.03 70.705L87.39 85.305V202.545V202.555V202.565C87.39 202.735 87.44 202.895 87.46 203.055C87.49 203.265 87.49 203.485 87.55 203.695V203.705C87.6 203.875 87.69 204.035 87.76 204.195C87.84 204.375 87.89 204.575 87.99 204.745C87.99 204.745 87.99 204.755 88 204.755C88.09 204.905 88.22 205.035 88.33 205.175C88.45 205.335 88.55 205.495 88.69 205.635L88.7 205.645C88.82 205.765 88.98 205.855 89.12 205.965C89.28 206.085 89.42 206.225 89.59 206.325C89.6 206.325 89.6 206.325 89.61 206.335C89.62 206.335 89.62 206.345 89.63 206.345L139.87 234.775V285.065L43.67 229.705V60.135ZM244.75 229.705L148.58 285.075V234.775L219.8 194.115L244.75 179.875V229.705ZM297.2 139.625L253.49 164.795V114.995L278.85 100.395L297.21 89.825V139.625H297.2Z"/>\n
</svg>\n
                    </a>\n
                </div>\n
\n
                <!-- Navigation Links -->\n
                <div class="hidden space-x-8 sm:-my-px sm:ms-10 sm:flex">\n
                    <a class="inline-flex items-center px-1 pt-1 border-b-2 border-transparent text-sm font-medium leading-5 text-gray-500 hover:text-gray-700 hover:border-gray-300 focus:outline-none focus:text-gray-700 focus:border-gray-300 transition duration-150 ease-in-out" href="http://localhost/dashboard">\n
    Dashboard\n
</a>\n
                </div>\n
            </div>\n
\n
            <!-- Settings Dropdown -->\n
            <div class="hidden sm:flex sm:items-center sm:ms-6">\n
                <div class="relative" x-data="{ open: false }" @click.outside="open = false" @close.stop="open = false">\n
    <div @click="open = ! open">\n
        <button class="inline-flex items-center px-3 py-2 border border-transparent text-sm leading-4 font-medium rounded-md text-gray-500 bg-white hover:text-gray-700 focus:outline-none transition ease-in-out duration-150">\n
                            <div>Site Admin</div>\n
\n
                            <div class="ms-1">\n
                                <svg class="fill-current h-4 w-4" xmlns="http://www.w3.org/2000/svg" viewBox="0 0 20 20">\n
                                    <path fill-rule="evenodd" d="M5.293 7.293a1 1 0 011.414 0L10 10.586l3.293-3.293a1 1 0 111.414 1.414l-4 4a1 1 0 01-1.414 0l-4-4a1 1 0 010-1.414z" clip-rule="evenodd" />\n
                                </svg>\n
                            </div>\n
                        </button>\n
    </div>\n
\n
    <div x-show="open"\n
            x-transition:enter="transition ease-out duration-200"\n
            x-transition:enter-start="opacity-0 scale-95"\n
            x-transition:enter-end="opacity-100 scale-100"\n
            x-transition:leave="transition ease-in duration-75"\n
            x-transition:leave-start="opacity-100 scale-100"\n
            x-transition:leave-end="opacity-0 scale-95"\n
            class="absolute z-50 mt-2 w-48 rounded-md shadow-lg ltr:origin-top-right rtl:origin-top-left end-0"\n
            style="display: none;"\n
            @click="open = false">\n
        <div class="rounded-md ring-1 ring-black ring-opacity-5 py-1 bg-white">\n
            <a class="block w-full px-4 py-2 text-start text-sm leading-5 text-gray-700 hover:bg-gray-100 focus:outline-none focus:bg-gray-100 transition duration-150 ease-in-out" href="http://localhost/dashboard">Admin Dashboard</a>\n
                        \n
                        <a class="block w-full px-4 py-2 text-start text-sm leading-5 text-gray-700 hover:bg-gray-100 focus:outline-none focus:bg-gray-100 transition duration-150 ease-in-out" href="http://localhost">Go back to Main Dashboard</a>\n
\n
                        <a class="block w-full px-4 py-2 text-start text-sm leading-5 text-gray-700 hover:bg-gray-100 focus:outline-none focus:bg-gray-100 transition duration-150 ease-in-out" href="http://localhost/profile">Profile</a>\n
\n
                        <!-- Authentication -->\n
                        <form method="POST" action="http://localhost/logout">\n
                            <input type="hidden" name="_token" value="v67OCpPvALzOxbSXpokAhUITUJcvMkMRj86FKNDP" autocomplete="off">\n
                            <a class="block w-full px-4 py-2 text-start text-sm leading-5 text-gray-700 hover:bg-gray-100 focus:outline-none focus:bg-gray-100 transition duration-150 ease-in-out" href="http://localhost/logout" onclick="event.preventDefault();\n
                                                this.closest('form').submit();">Log Out</a>\n
                        </form>\n
        </div>\n
    </div>\n
</div>\n
            </div>\n
\n
            <!-- Hamburger -->\n
            <div class="-me-2 flex items-center sm:hidden">\n
                <button @click="open = ! open" class="inline-flex items-center justify-center p-2 rounded-md text-gray-400 hover:text-gray-500 hover:bg-gray-100 focus:outline-none focus:bg-gray-100 focus:text-gray-500 transition duration-150 ease-in-out">\n
                    <svg class="h-6 w-6" stroke="currentColor" fill="none" viewBox="0 0 24 24">\n
                        <path :class="{'hidden': open, 'inline-flex': ! open }" class="inline-flex" stroke-linecap="round" stroke-linejoin="round" stroke-width="2" d="M4 6h16M4 12h16M4 18h16" />\n
                        <path :class="{'hidden': ! open, 'inline-flex': open }" class="hidden" stroke-linecap="round" stroke-linejoin="round" stroke-width="2" d="M6 18L18 6M6 6l12 12" />\n
                    </svg>\n
                </button>\n
            </div>\n
        </div>\n
    </div>\n
\n
    <!-- Responsive Navigation Menu -->\n
    <div :class="{'block': open, 'hidden': ! open}" class="hidden sm:hidden">\n
        <div class="pt-2 pb-3 space-y-1">\n
            <a class="block w-full ps-3 pe-4 py-2 border-l-4 border-transparent text-start text-base font-medium text-gray-600 hover:text-gray-800 hover:bg-gray-50 hover:border-gray-300 focus:outline-none focus:text-gray-800 focus:bg-gray-50 focus:border-gray-300 transition duration-150 ease-in-out" href="http://localhost/dashboard">\n
    Dashboard\n
</a>\n
        </div>\n
\n
        <!-- Responsive Settings Options -->\n
        <div class="pt-4 pb-1 border-t border-gray-200">\n
            <div class="px-4">\n
                <div class="font-medium text-base text-gray-800">Site Admin</div>\n
                <div class="font-medium text-sm text-gray-500">admin@davaobosscomputer.com</div>\n
            </div>\n
\n
            <div class="mt-3 space-y-1">\n
                                    <a class="block w-full ps-3 pe-4 py-2 border-l-4 border-transparent text-start text-base font-medium text-gray-600 hover:text-gray-800 hover:bg-gray-50 hover:border-gray-300 focus:outline-none focus:text-gray-800 focus:bg-gray-50 focus:border-gray-300 transition duration-150 ease-in-out" href="http://localhost/dashboard">\n
    Admin Dashboard\n
</a>\n
                \n
                <a class="block w-full ps-3 pe-4 py-2 border-l-4 border-transparent text-start text-base font-medium text-gray-600 hover:text-gray-800 hover:bg-gray-50 hover:border-gray-300 focus:outline-none focus:text-gray-800 focus:bg-gray-50 focus:border-gray-300 transition duration-150 ease-in-out" href="http://localhost/profile">\n
    Profile\n
</a>\n
\n
                <!-- Authentication -->\n
                <form method="POST" action="http://localhost/logout">\n
                    <input type="hidden" name="_token" value="v67OCpPvALzOxbSXpokAhUITUJcvMkMRj86FKNDP" autocomplete="off">\n
                    <a class="block w-full ps-3 pe-4 py-2 border-l-4 border-transparent text-start text-base font-medium text-gray-600 hover:text-gray-800 hover:bg-gray-50 hover:border-gray-300 focus:outline-none focus:text-gray-800 focus:bg-gray-50 focus:border-gray-300 transition duration-150 ease-in-out" href="http://localhost/logout" onclick="event.preventDefault();\n
                                        this.closest('form').submit();">\n
    Log Out\n
</a>\n
                </form>\n
            </div>\n
        </div>\n
    </div>\n
</nav>\n
\n
            <!-- Page Heading -->\n
                            <header class="bg-white shadow">\n
                    <div class="max-w-7xl mx-auto py-6 px-4 sm:px-6 lg:px-8">\n
                        <h2 class="font-semibold text-xl text-gray-800 leading-tight">\r\n
            Point of Sale\r\n
        </h2>\n
                    </div>\n
                </header>\n
            \n
            <!-- Page Content -->\n
            <main>\n
                <div class="py-6">\r\n
        <div class="max-w-7xl mx-auto px-4 sm:px-6 lg:px-8">\r\n
            \r\n
            \r\n
            <div class="grid gap-6 lg:grid-cols-3">\r\n
                <div class="lg:col-span-2 rounded-xl border border-gray-200 bg-white p-5 shadow-sm">\r\n
                    <h3 class="mb-4 text-xl font-bold text-gray-900">Products</h3>\r\n
\r\n
                    <div class="mb-4">\r\n
                        <label for="product-category-filter" class="mb-1 block text-[11px] font-bold uppercase tracking-[0.2em] text-gray-500">Filter by category</label>\r\n
                        <select id="product-category-filter" class="w-full rounded border border-gray-300 px-3 py-2 text-sm">\r\n
                            <option value="all">All Categories</option>\r\n
                                                            <option value="gpu">GPU</option>\r\n
                                                    </select>\r\n
                    </div>\r\n
\r\n
                    <input id="product-search" type="text" placeholder="Search productsGÇª" class="mb-4 w-full rounded border border-gray-300 px-3 py-2 text-sm">\r\n
\r\n
                    <div id="product-grid" class="grid gap-3 sm:grid-cols-2 xl:grid-cols-3">\r\n
                                                    <button type="button"\r\n
                                    class="pos-product-btn rounded border border-gray-200 bg-gray-50 p-3 text-left transition hover:border-purple-600 hover:bg-purple-50"\r\n
                                    data-search="rtx 4080 gpu"\r\n
                                    data-category="gpu"\r\n
                                    data-id="1"\r\n
                                    data-name="RTX 4080"\r\n
                                    data-price="49999"\r\n
                                    data-stock="8">\r\n
                                <p class="text-sm font-bold text-gray-900">RTX 4080</p>\r\n
                                <p class="text-xs text-gray-500">GPU</p>\r\n
                                <p class="mt-2 text-sm font-bold text-purple-600">Gé¦49,999.00</p>\r\n
                                <p class="text-[11px] text-gray-400">8 in stock</p>\r\n
                            </button>\r\n
                                            </div>\r\n
                </div>\r\n
\r\n
                <div class="rounded-xl border border-gray-200 bg-white p-5 shadow-sm">\r\n
                    <h3 class="mb-4 text-xl font-bold text-gray-900">Cart</h3>\r\n
                    <form method="POST" action="http://localhost/dashboard/pos/checkout" id="pos-form">\r\n
                        <input type="hidden" name="_token" value="v67OCpPvALzOxbSXpokAhUITUJcvMkMRj86FKNDP" autocomplete="off">                        <input type="hidden" name="cart_json" id="cart-json-input">\r\n
                        <input type="text" name="customer_name" placeholder="Customer name (optional)" class="mb-4 w-full rounded border border-gray-300 px-3 py-2 text-sm">\r\n
\r\n
                        <div id="cart-items" class="mb-4 min-h-[120px] space-y-2 text-sm">\r\n
                            <p id="cart-empty-msg" class="text-gray-400">No items yet.</p>\r\n
                        </div>\r\n
\r\n
                        <div class="flex items-center justify-between border-t border-gray-200 pt-3 text-lg font-bold text-gray-900">\r\n
                            <span>Total</span>\r\n
                            <span id="cart-total">Gé¦0.00</span>\r\n
                        </div>\r\n
\r\n
                        <button type="submit" id="checkout-btn" disabled class="mt-4 w-full rounded bg-purple-600 px-4 py-3 text-sm font-semibold text-white hover:bg-purple-700 disabled:cursor-not-allowed disabled:opacity-40">\r\n
                            Complete Sale\r\n
                        </button>\r\n
                    </form>\r\n
                </div>\r\n
            </div>\r\n
        </div>\r\n
    </div>\r\n
\r\n
    <script>\r\n
        (function () {\r\n
            const cart = new Map();\r\n
            const cartItemsEl = document.getElementById('cart-items');\r\n
            const cartEmptyMsg = document.getElementById('cart-empty-msg');\r\n
            const cartTotalEl = document.getElementById('cart-total');\r\n
            const cartJsonInput = document.getElementById('cart-json-input');\r\n
            const checkoutBtn = document.getElementById('checkout-btn');\r\n
            const categoryFilter = document.getElementById('product-category-filter');\r\n
            const productSearch = document.getElementById('product-search');\r\n
\r\n
            function applyProductFilters() {\r\n
                const categoryValue = categoryFilter ? categoryFilter.value : 'all';\r\n
                const searchValue = (productSearch ? productSearch.value : '').trim().toLowerCase();\r\n
\r\n
                document.querySelectorAll('.pos-product-btn').forEach((btn) => {\r\n
                    const matchesCategory = categoryValue === 'all' || (btn.dataset.category || '') === categoryValue;\r\n
                    const matchesSearch = (btn.dataset.search || '').includes(searchValue);\r\n
                    btn.style.display = (matchesCategory && matchesSearch) ? '' : 'none';\r\n
                });\r\n
            }\r\n
\r\n
            function money(value) {\r\n
                return 'Gé¦' + Number(value).toLocaleString('en-PH', { minimumFractionDigits: 2, maximumFractionDigits: 2 });\r\n
            }\r\n
\r\n
            function render() {\r\n
                cartItemsEl.innerHTML = '';\r\n
                if (cart.size === 0) {\r\n
                    cartItemsEl.appendChild(cartEmptyMsg);\r\n
                    cartTotalEl.textContent = money(0);\r\n
                    cartJsonInput.value = '';\r\n
                    checkoutBtn.disabled = true;\r\n
                    return;\r\n
                }\r\n
\r\n
                let total = 0;\r\n
                cart.forEach((item, id) => {\r\n
                    const subtotal = item.price * item.qty;\r\n
                    total += subtotal;\r\n
\r\n
                    const row = document.createElement('div');\r\n
                    row.className = 'flex items-center justify-between gap-2 rounded border border-gray-200 p-2';\r\n
                    row.innerHTML = `\r\n
                        <div class="min-w-0 flex-1">\r\n
                            <p class="truncate font-semibold text-gray-900">${item.name}</p>\r\n
                            <p class="text-xs text-gray-500">${money(item.price)} +ù ${item.qty} = ${money(subtotal)}</p>\r\n
                        </div>\r\n
                        <div class="flex items-center gap-1">\r\n
                            <button type="button" data-id="${id}" data-delta="-1" class="qty-btn h-6 w-6 rounded border border-gray-300 text-sm">GêÆ</button>\r\n
                            <button type="button" data-id="${id}" data-delta="1" class="qty-btn h-6 w-6 rounded border border-gray-300 text-sm">+</button>\r\n
                            <button type="button" data-id="${id}" class="remove-btn ml-2 text-xs font-semibold text-red-500">Remove</button>\r\n
                        </div>\r\n
                    `;\r\n
                    cartItemsEl.appendChild(row);\r\n
                });\r\n
\r\n
                cartTotalEl.textContent = money(total);\r\n
                cartJsonInput.value = JSON.stringify(Array.from(cart, ([id, item]) => ({\r\n
                    product_id: Number(id),\r\n
                    quantity: item.qty,\r\n
                })));\r\n
                checkoutBtn.disabled = false;\r\n
            }\r\n
\r\n
            document.querySelectorAll('.pos-product-btn').forEach((btn) => {\r\n
                btn.addEventListener('click', () => {\r\n
                    const id = btn.dataset.id;\r\n
                    const stock = Number(btn.dataset.stock);\r\n
                    const existing = cart.get(id);\r\n
\r\n
                    if (existing) {\r\n
                        if (existing.qty < stock) {\r\n
                            existing.qty += 1;\r\n
                        }\r\n
                    } else {\r\n
                        cart.set(id, {\r\n
                            name: btn.dataset.name,\r\n
                            price: Number(btn.dataset.price),\r\n
                            qty: 1,\r\n
                            stock,\r\n
                        });\r\n
                    }\r\n
\r\n
                    render();\r\n
                });\r\n
            });\r\n
\r\n
            cartItemsEl.addEventListener('click', (event) => {\r\n
                const qtyBtn = event.target.closest('.qty-btn');\r\n
                const removeBtn = event.target.closest('.remove-btn');\r\n
\r\n
                if (qtyBtn) {\r\n
                    const id = qtyBtn.dataset.id;\r\n
                    const item = cart.get(id);\r\n
                    const nextQty = item.qty + Number(qtyBtn.dataset.delta);\r\n
\r\n
                    if (nextQty <= 0) {\r\n
                        cart.delete(id);\r\n
                    } else if (nextQty <= item.stock) {\r\n
                        item.qty = nextQty;\r\n
                    }\r\n
\r\n
                    render();\r\n
                }\r\n
\r\n
                if (removeBtn) {\r\n
                    cart.delete(removeBtn.dataset.id);\r\n
                    render();\r\n
                }\r\n
            });\r\n
\r\n
            if (categoryFilter) {\r\n
                categoryFilter.addEventListener('change', applyProductFilters);\r\n
            }\r\n
\r\n
            if (productSearch) {\r\n
                productSearch.addEventListener('input', applyProductFilters);\r\n
            }\r\n
        })();\r\n
    </script>\n
            </main>\n
        </div>\n
    </body>\n
</html>\n
' [UTF-8](length: 21289) contains "&lt;select" [ASCII](length: 10).
After Test Method Called (Tests\Feature\AdminDashboardTest::tearDown)
After Test Method Finished:
- Tests\Feature\AdminDashboardTest::tearDown
Test Finished (Tests\Feature\AdminDashboardTest::test_inventory_page_removes_pill_filters_and_pos_quotation_use_dropdown_filters)
After Last Test Method Called (Tests\Feature\AdminDashboardTest::tearDownAfterClass)
After Last Test Method Finished:
- Tests\Feature\AdminDashboardTest::tearDownAfterClass
Test Suite Finished (Tests\Feature\AdminDashboardTest, 1 test)
Test Runner Execution Finished

   FAIL  Tests\Feature\AdminDashboardTest
  G¿» inventory page removes pill filters and pos quotation use dropdownGÇª  0.09s  
  GöÇGöÇGöÇGöÇGöÇGöÇGöÇGöÇGöÇGöÇGöÇGöÇGöÇGöÇGöÇGöÇGöÇGöÇGöÇGöÇGöÇGöÇGöÇGöÇGöÇGöÇGöÇGöÇGöÇGöÇGöÇGöÇGöÇGöÇGöÇGöÇGöÇGöÇGöÇGöÇGöÇGöÇGöÇGöÇGöÇGöÇGöÇGöÇGöÇGöÇGöÇGöÇGöÇGöÇGöÇGöÇGöÇGöÇGöÇGöÇGöÇGöÇGöÇGöÇGöÇGöÇGöÇGöÇGöÇGöÇGöÇGöÇGöÇGöÇGöÇGöÇ  
   FAILED  Tests\Feature\AdminDashboardTest > inventory page removes pill fiGÇª   
  Expected: <!DOCTYPE html>\n
<html lang="en">\n
    <head>\n
        <meta charset="utf-8">\n
        <meta name="viewport" content="width=device-width, initial-scale=1">\n
        <meta name="csrf-token" content="v67OCpPvALzOxbSXpokAhUITUJcvMkMRj86FKNDP">\n
\n
        <title>Davao Boss Computer</title>\n
\n
        <!-- Fonts -->\n
        <link rel="preconnect" href="https://fonts.bunny.net">\n
        <link href="https://fonts.bunny.net/css?family=figtree:400,500,600&display=swap" rel="stylesheet" />\n
\n
        <!-- Scripts -->\n
        <link rel="preload" as="style" href="http://localhost/build/assets/app-D1tw09Lb.css" /><link rel="modulepreload" as="script" href="http://localhost/build/assets/app-DIZEten-.js" /><link rel="stylesheet" href="http://localhost/build/assets/app-D1tw09Lb.css" /><script type="module" src="http://localhost/build/assets/app-DIZEten-.js"></script>    </head>\n
    <body class="font-sans antialiased">\n
        <div class="min-h-screen bg-gray-100">\n
            <nav x-data="{ open: false }" class="bg-white border-b border-gray-100">\n
    <!-- Primary Navigation Menu -->\n
    <div class="max-w-7xl mx-auto px-4 sm:px-6 lg:px-8">\n
        <div class="flex justify-between h-16">\n
            <div class="flex">\n
                <!-- Logo -->\n
                <div class="shrink-0 flex items-center">\n
                    <a href="http://localhost" title="Main Storefront">\n
                        <svg viewBox="0 0 316 316" xmlns="http://www.w3.org/2000/svg" class="block h-9 w-auto fill-current text-gray-800">\n
    <path d="M305.8 81.125C305.77 80.995 305.69 80.885 305.65 80.755C305.56 80.525 305.49 80.285 305.37 80.075C305.29 79.935 305.17 79.815 305.07 79.685C304.94 79.515 304.83 79.325 304.68 79.175C304.55 79.045 304.39 78.955 304.25 78.845C304.09 78.715 303.95 78.575 303.77 78.475L251.32 48.275C249.97 47.495 248.31 47.495 246.96 48.275L194.51 78.475C194.33 78.575 194.19 78.725 194.03 78.845C193.89 78.955 193.73 79.045 193.6 79.175C193.45 79.325 193.34 79.515 193.21 79.685C193.11 79.815 192.99 79.935 192.91 80.075C192.79 80.285 192.71 80.525 192.63 80.755C192.58 80.875 192.51 80.995 192.48 81.125C192.38 81.495 192.33 81.875 192.33 82.265V139.625L148.62 164.795V52.575C148.62 52.185 148.57 51.805 148.47 51.435C148.44 51.305 148.36 51.195 148.32 51.065C148.23 50.835 148.16 50.595 148.04 50.385C147.96 50.245 147.84 50.125 147.74 49.995C147.61 49.825 147.5 49.635 147.35 49.485C147.22 49.355 147.06 49.265 146.92 49.155C146.76 49.025 146.62 48.885 146.44 48.785L93.99 18.585C92.64 17.805 90.98 17.805 89.63 18.585L37.18 48.785C37 48.885 36.86 49.035 36.7 49.155C36.56 49.265 36.4 49.355 36.27 49.485C36.12 49.635 36.01 49.825 35.88 49.995C35.78 50.125 35.66 50.245 35.58 50.385C35.46 50.595 35.38 50.835 35.3 51.065C35.25 51.185 35.18 51.305 35.15 51.435C35.05 51.805 35 52.185 35 52.575V232.235C35 233.795 35.84 235.245 37.19 236.025L142.1 296.425C142.33 296.555 142.58 296.635 142.82 296.725C142.93 296.765 143.04 296.835 143.16 296.865C143.53 296.965 143.9 297.015 144.28 297.015C144.66 297.015 145.03 296.965 145.4 296.865C145.5 296.835 145.59 296.775 145.69 296.745C145.95 296.655 146.21 296.565 146.45 296.435L251.36 236.035C252.72 235.255 253.55 233.815 253.55 232.245V174.885L303.81 145.945C305.17 145.165 306 143.725 306 142.155V82.265C305.95 81.875 305.89 81.495 305.8 81.125ZM144.2 227.205L100.57 202.515L146.39 176.135L196.66 147.195L240.33 172.335L208.29 190.625L144.2 227.205ZM244.75 114.995V164.795L226.39 154.225L201.03 139.625V89.825L219.39 100.395L244.75 114.995ZM249.12 57.105L292.81 82.265L249.12 107.425L205.43 82.265L249.12 57.105ZM114.49 184.425L96.13 194.995V85.305L121.49 70.705L139.85 60.135V169.815L114.49 184.425ZM91.76 27.425L135.45 52.585L91.76 77.745L48.07 52.585L91.76 27.425ZM43.67 60.135L62.03 70.705L87.39 85.305V202.545V202.555V202.565C87.39 202.735 87.44 202.895 87.46 203.055C87.49 203.265 87.49 203.485 87.55 203.695V203.705C87.6 203.875 87.69 204.035 87.76 204.195C87.84 204.375 87.89 204.575 87.99 204.745C87.99 204.745 87.99 204.755 88 204.755C88.09 204.905 88.22 205.035 88.33 205.175C88.45 205.335 88.55 205.495 88.69 205.635L88.7 205.645C88.82 205.765 88.98 205.855 89.12 205.965C89.28 206.085 89.42 206.225 89.59 206.325C89.6 206.325 89.6 206.325 89.61 206.335C89.62 206.335 89.62 206.345 89.63 206.345L139.87 234.775V285.065L43.67 229.705V60.135ZM244.75 229.705L148.58 285.075V234.775L219.8 194.115L244.75 179.875V229.705ZM297.2 139.625L253.49 164.795V114.995L278.85 100.395L297.21 89.825V139.625H297.2Z"/>\n
</svg>\n
                    </a>\n
                </div>\n
\n
                <!-- Navigation Links -->\n
                <div class="hidden space-x-8 sm:-my-px sm:ms-10 sm:flex">\n
                    <a class="inline-flex items-center px-1 pt-1 border-b-2 border-transparent text-sm font-medium leading-5 text-gray-500 hover:text-gray-700 hover:border-gray-300 focus:outline-none focus:text-gray-700 focus:border-gray-300 transition duration-150 ease-in-out" href="http://localhost/dashboard">\n
    Dashboard\n
</a>\n
                </div>\n
            </div>\n
\n
            <!-- Settings Dropdown -->\n
            <div class="hidden sm:flex sm:items-center sm:ms-6">\n
                <div class="relative" x-data="{ open: false }" @click.outside="open = false" @close.stop="open = false">\n
    <div @click="open = ! open">\n
        <button class="inline-flex items-center px-3 py-2 border border-transparent text-sm leading-4 font-medium rounded-md text-gray-500 bg-white hover:text-gray-700 focus:outline-none transition ease-in-out duration-150">\n
                            <div>Site Admin</div>\n
\n
                            <div class="ms-1">\n
                                <svg class="fill-current h-4 w-4" xmlns="http://www.w3.org/2000/svg" viewBox="0 0 20 20">\n
                                    <path fill-rule="evenodd" d="M5.293 7.293a1 1 0 011.414 0L10 10.586l3.293-3.293a1 1 0 111.414 1.414l-4 4a1 1 0 01-1.414 0l-4-4a1 1 0 010-1.414z" clip-rule="evenodd" />\n
                                </svg>\n
                            </div>\n
                        </button>\n
    </div>\n
\n
    <div x-show="open"\n
            x-transition:enter="transition ease-out duration-200"\n
            x-transition:enter-start="opacity-0 scale-95"\n
            x-transition:enter-end="opacity-100 scale-100"\n
            x-transition:leave="transition ease-in duration-75"\n
            x-transition:leave-start="opacity-100 scale-100"\n
            x-transition:leave-end="opacity-0 scale-95"\n
            class="absolute z-50 mt-2 w-48 rounded-md shadow-lg ltr:origin-top-right rtl:origin-top-left end-0"\n
            style="display: none;"\n
            @click="open = false">\n
        <div class="rounded-md ring-1 ring-black ring-opacity-5 py-1 bg-white">\n
            <a class="block w-full px-4 py-2 text-start text-sm leading-5 text-gray-700 hover:bg-gray-100 focus:outline-none focus:bg-gray-100 transition duration-150 ease-in-out" href="http://localhost/dashboard">Admin Dashboard</a>\n
                        \n
                        <a class="block w-full px-4 py-2 text-start text-sm leading-5 text-gray-700 hover:bg-gray-100 focus:outline-none focus:bg-gray-100 transition duration-150 ease-in-out" href="http://localhost">Go back to Main Dashboard</a>\n
\n
                        <a class="block w-full px-4 py-2 text-start text-sm leading-5 text-gray-700 hover:bg-gray-100 focus:outline-none focus:bg-gray-100 transition duration-150 ease-in-out" href="http://localhost/profile">Profile</a>\n
\n
                        <!-- Authentication -->\n
                        <form method="POST" action="http://localhost/logout">\n
                            <input type="hidden" name="_token" value="v67OCpPvALzOxbSXpokAhUITUJcvMkMRj86FKNDP" autocomplete="off">\n
                            <a class="block w-full px-4 py-2 text-start text-sm leading-5 text-gray-700 hover:bg-gray-100 focus:outline-none focus:bg-gray-100 transition duration-150 ease-in-out" href="http://localhost/logout" onclick="event.preventDefault();\n
                                                this.closest('form').submit();">Log Out</a>\n
                        </form>\n
        </div>\n
    </div>\n
</div>\n
            </div>\n
\n
            <!-- Hamburger -->\n
            <div class="-me-2 flex items-center sm:hidden">\n
                <button @click="open = ! open" class="inline-flex items-center justify-center p-2 rounded-md text-gray-400 hover:text-gray-500 hover:bg-gray-100 focus:outline-none focus:bg-gray-100 focus:text-gray-500 transition duration-150 ease-in-out">\n
                    <svg class="h-6 w-6" stroke="currentColor" fill="none" viewBox="0 0 24 24">\n
                        <path :class="{'hidden': open, 'inline-flex': ! open }" class="inline-flex" stroke-linecap="round" stroke-linejoin="round" stroke-width="2" d="M4 6h16M4 12h16M4 18h16" />\n
                        <path :class="{'hidden': ! open, 'inline-flex': open }" class="hidden" stroke-linecap="round" stroke-linejoin="round" stroke-width="2" d="M6 18L18 6M6 6l12 12" />\n
                    </svg>\n
                </button>\n
            </div>\n
        </div>\n
    </div>\n
\n
    <!-- Responsive Navigation Menu -->\n
    <div :class="{'block': open, 'hidden': ! open}" class="hidden sm:hidden">\n
        <div class="pt-2 pb-3 space-y-1">\n
            <a class="block w-full ps-3 pe-4 py-2 border-l-4 border-transparent text-start text-base font-medium text-gray-600 hover:text-gray-800 hover:bg-gray-50 hover:border-gray-300 focus:outline-none focus:text-gray-800 focus:bg-gray-50 focus:border-gray-300 transition duration-150 ease-in-out" href="http://localhost/dashboard">\n
    Dashboard\n
</a>\n
        </div>\n
\n
        <!-- Responsive Settings Options -->\n
        <div class="pt-4 pb-1 border-t border-gray-200">\n
            <div class="px-4">\n
                <div class="font-medium text-base text-gray-800">Site Admin</div>\n
                <div class="font-medium text-sm text-gray-500">admin@davaobosscomputer.com</div>\n
            </div>\n
\n
            <div class="mt-3 space-y-1">\n
                                    <a class="block w-full ps-3 pe-4 py-2 border-l-4 border-transparent text-start text-base font-medium text-gray-600 hover:text-gray-800 hover:bg-gray-50 hover:border-gray-300 focus:outline-none focus:text-gray-800 focus:bg-gray-50 focus:border-gray-300 transition duration-150 ease-in-out" href="http://localhost/dashboard">\n
    Admin Dashboard\n
</a>\n
                \n
                <a class="block w-full ps-3 pe-4 py-2 border-l-4 border-transparent text-start text-base font-medium text-gray-600 hover:text-gray-800 hover:bg-gray-50 hover:border-gray-300 focus:outline-none focus:text-gray-800 focus:bg-gray-50 focus:border-gray-300 transition duration-150 ease-in-out" href="http://localhost/profile">\n
    Profile\n
</a>\n
\n
                <!-- Authentication -->\n
                <form method="POST" action="http://localhost/logout">\n
                    <input type="hidden" name="_token" value="v67OCpPvALzOxbSXpokAhUITUJcvMkMRj86FKNDP" autocomplete="off">\n
                    <a class="block w-full ps-3 pe-4 py-2 border-l-4 border-transparent text-start text-base font-medium text-gray-600 hover:text-gray-800 hover:bg-gray-50 hover:border-gray-300 focus:outline-none focus:text-gray-800 focus:bg-gray-50 focus:border-gray-300 transition duration-150 ease-in-out" href="http://localhost/logout" onclick="event.preventDefault();\n
                                        this.closest('form').submit();">\n
    Log Out\n
</a>\n
                </form>\n
            </div>\n
        </div>\n
    </div>\n
</nav>\n
\n
            <!-- Page Heading -->\n
                            <header class="bg-white shadow">\n
                    <div class="max-w-7xl mx-auto py-6 px-4 sm:px-6 lg:px-8">\n
                        <h2 class="font-semibold text-xl text-gray-800 leading-tight">\r\n
            Point of Sale\r\n
        </h2>\n
                    </div>\n
                </header>\n
            \n
            <!-- Page Content -->\n
            <main>\n
                <div class="py-6">\r\n
        <div class="max-w-7xl mx-auto px-4 sm:px-6 lg:px-8">\r\n
            \r\n
            \r\n
            <div class="grid gap-6 lg:grid-cols-3">\r\n
                <div class="lg:col-span-2 rounded-xl border border-gray-200 bg-white p-5 shadow-sm">\r\n
                    <h3 class="mb-4 text-xl font-bold text-gray-900">Products</h3>\r\n
\r\n
                    <div class="mb-4">\r\n
                        <label for="product-category-filter" class="mb-1 block text-[11px] font-bold uppercase tracking-[0.2em] text-gray-500">Filter by category</label>\r\n
                        <select id="product-category-filter" class="w-full rounded border border-gray-300 px-3 py-2 text-sm">\r\n
                            <option value="all">All Categories</option>\r\n
                                                            <option value="gpu">GPU</option>\r\n
                                                    </select>\r\n
                    </div>\r\n
\r\n
                    <input id="product-search" type="text" placeholder="Search productsGÇª" class="mb-4 w-full rounded border border-gray-300 px-3 py-2 text-sm">\r\n
\r\n
                    <div id="product-grid" class="grid gap-3 sm:grid-cols-2 xl:grid-cols-3">\r\n
                                                    <button type="button"\r\n
                                    class="pos-product-btn rounded border border-gray-200 bg-gray-50 p-3 text-left transition hover:border-purple-600 hover:bg-purple-50"\r\n
                                    data-search="rtx 4080 gpu"\r\n
                                    data-category="gpu"\r\n
                                    data-id="1"\r\n
                                    data-name="RTX 4080"\r\n
                                    data-price="49999"\r\n
                                    data-stock="8">\r\n
                                <p class="text-sm font-bold text-gray-900">RTX 4080</p>\r\n
                                <p class="text-xs text-gray-500">GPU</p>\r\n
                                <p class="mt-2 text-sm font-bold text-purple-600">Gé¦49,999.00</p>\r\n
                                <p class="text-[11px] text-gray-400">8 in stock</p>\r\n
                            </button>\r\n
                                            </div>\r\n
                </div>\r\n
\r\n
                <div class="rounded-xl border border-gray-200 bg-white p-5 shadow-sm">\r\n
                    <h3 class="mb-4 text-xl font-bold text-gray-900">Cart</h3>\r\n
                    <form method="POST" action="http://localhost/dashboard/pos/checkout" id="pos-form">\r\n
                        <input type="hidden" name="_token" value="v67OCpPvALzOxbSXpokAhUITUJcvMkMRj86FKNDP" autocomplete="off">                        <input type="hidden" name="cart_json" id="cart-json-input">\r\n
                        <input type="text" name="customer_name" placeholder="Customer name (optional)" class="mb-4 w-full rounded border border-gray-300 px-3 py-2 text-sm">\r\n
\r\n
                        <div id="cart-items" class="mb-4 min-h-[120px] space-y-2 text-sm">\r\n
                            <p id="cart-empty-msg" class="text-gray-400">No items yet.</p>\r\n
                        </div>\r\n
\r\n
                        <div class="flex items-center justify-between border-t border-gray-200 pt-3 text-lg font-bold text-gray-900">\r\n
                            <span>Total</span>\r\n
                            <span id="cart-total">Gé¦0.00</span>\r\n
                        </div>\r\n
\r\n
                        <button type="submit" id="checkout-btn" disabled class="mt-4 w-full rounded bg-purple-600 px-4 py-3 text-sm font-semibold text-white hover:bg-purple-700 disabled:cursor-not-allowed disabled:opacity-40">\r\n
                            Complete Sale\r\n
                        </button>\r\n
                    </form>\r\n
                </div>\r\n
            </div>\r\n
        </div>\r\n
    </div>\r\n
\r\n
    <script>\r\n
        (function () {\r\n
            const cart = new Map();\r\n
            const cartItemsEl = document.getElementById('cart-items');\r\n
            const cartEmptyMsg = document.getElementById('cart-empty-msg');\r\n
            const cartTotalEl = document.getElementById('cart-total');\r\n
            const cartJsonInput = document.getElementById('cart-json-input');\r\n
            const checkoutBtn = document.getElementById('checkout-btn');\r\n
            const categoryFilter = document.getElementById('product-category-filter');\r\n
            const productSearch = document.getElementById('product-search');\r\n
\r\n
            function applyProductFilters() {\r\n
                const categoryValue = categoryFilter ? categoryFilter.value : 'all';\r\n
                const searchValue = (productSearch ? productSearch.value : '').trim().toLowerCase();\r\n
\r\n
                document.querySelectorAll('.pos-product-btn').forEach((btn) => {\r\n
                    const matchesCategory = categoryValue === 'all' || (btn.dataset.category || '') === categoryValue;\r\n
                    const matchesSearch = (btn.dataset.search || '').includes(searchValue);\r\n
                    btn.style.display = (matchesCategory && matchesSearch) ? '' : 'none';\r\n
                });\r\n
            }\r\n
\r\n
            function money(value) {\r\n
                return 'Gé¦' + Number(value).toLocaleString('en-PH', { minimumFractionDigits: 2, maximumFractionDigits: 2 });\r\n
            }\r\n
\r\n
            function render() {\r\n
                cartItemsEl.innerHTML = '';\r\n
                if (cart.size === 0) {\r\n
                    cartItemsEl.appendChild(cartEmptyMsg);\r\n
                    cartTotalEl.textContent = money(0);\r\n
                    cartJsonInput.value = '';\r\n
                    checkoutBtn.disabled = true;\r\n
                    return;\r\n
                }\r\n
\r\n
                let total = 0;\r\n
                cart.forEach((item, id) => {\r\n
                    const subtotal = item.price * item.qty;\r\n
                    total += subtotal;\r\n
\r\n
                    const row = document.createElement('div');\r\n
                    row.className = 'flex items-center justify-between gap-2 rounded border border-gray-200 p-2';\r\n
                    row.innerHTML = `\r\n
                        <div class="min-w-0 flex-1">\r\n
                            <p class="truncate font-semibold text-gray-900">${item.name}</p>\r\n
                            <p class="text-xs text-gray-500">${money(item.price)} +ù ${item.qty} = ${money(subtotal)}</p>\r\n
                        </div>\r\n
                        <div class="flex items-center gap-1">\r\n
                            <button type="button" data-id="${id}" data-delta="-1" class="qty-btn h-6 w-6 rounded border border-gray-300 text-sm">GêÆ</button>\r\n
                            <button type="button" data-id="${id}" data-delta="1" class="qty-btn h-6 w-6 rounded border border-gray-300 text-sm">+</button>\r\n
                            <button type="button" data-id="${id}" class="remove-btn ml-2 text-xs font-semibold text-red-500">Remove</button>\r\n
                        </div>\r\n
                    `;\r\n
                    cartItemsEl.appendChild(row);\r\n
                });\r\n
\r\n
                cartTotalEl.textContent = money(total);\r\n
                cartJsonInput.value = JSON.stringify(Array.from(cart, ([id, item]) => ({\r\n
                    product_id: Number(id),\r\n
                    quantity: item.qty,\r\n
                })));\r\n
                checkoutBtn.disabled = false;\r\n
            }\r\n
\r\n
            document.querySelectorAll('.pos-product-btn').forEach((btn) => {\r\n
                btn.addEventListener('click', () => {\r\n
                    const id = btn.dataset.id;\r\n
                    const stock = Number(btn.dataset.stock);\r\n
                    const existing = cart.get(id);\r\n
\r\n
                    if (existing) {\r\n
                        if (existing.qty < stock) {\r\n
                            existing.qty += 1;\r\n
                        }\r\n
                    } else {\r\n
                        cart.set(id, {\r\n
                            name: btn.dataset.name,\r\n
                            price: Number(btn.dataset.price),\r\n
                            qty: 1,\r\n
                            stock,\r\n
                        });\r\n
                    }\r\n
\r\n
                    render();\r\n
                });\r\n
            });\r\n
\r\n
            cartItemsEl.addEventListener('click', (event) => {\r\n
                const qtyBtn = event.target.closest('.qty-btn');\r\n
                const removeBtn = event.target.closest('.remove-btn');\r\n
\r\n
                if (qtyBtn) {\r\n
                    const id = qtyBtn.dataset.id;\r\n
                    const item = cart.get(id);\r\n
                    const nextQty = item.qty + Number(qtyBtn.dataset.delta);\r\n
\r\n
                    if (nextQty <= 0) {\r\n
                        cart.delete(id);\r\n
                    } else if (nextQty <= item.stock) {\r\n
                        item.qty = nextQty;\r\n
                    }\r\n
\r\n
                    render();\r\n
                }\r\n
\r\n
                if (removeBtn) {\r\n
                    cart.delete(removeBtn.dataset.id);\r\n
                    render();\r\n
                }\r\n
            });\r\n
\r\n
            if (categoryFilter) {\r\n
                categoryFilter.addEventListener('change', applyProductFilters);\r\n
            }\r\n
\r\n
            if (productSearch) {\r\n
                productSearch.addEventListener('input', applyProductFilters);\r\n
            }\r\n
        })();\r\n
    </script>\n
            </main>\n
        </div>\n
    </body>\n
</html>\n


  To contain: &lt;select

  at tests\Feature\AdminDashboardTest.php:236
    232Gûò         $pos = $this->actingAs($user)->get('/dashboard/pos');
    233Gûò         $pos->assertOk();
    234Gûò         $pos->assertSee('Filter by category');
    235Gûò         $pos->assertSee('All Categories');
  GP£ 236Gûò         $pos->assertSee('<select');
    237Gûò 
    238Gûò         $quotation = $this->actingAs($user)->get('/dashboard/quotations');
    239Gûò         $quotation->assertOk();
    240Gûò         $quotation->assertSee('Filter by category');


  Tests:    1 failed (6 assertions)
  Duration: 0.17s

Test Runner Finished
PHPUnit Finished (Shell Exit Code: 1)

